// Jest Snapshot v1, https://goo.gl/fbAQLP

exports[`Main component renders properly 1`] = `
<div
  className="mainContainer"
>
  <div
    className="searchBar"
  >
    <div
      className="searchBar"
    >
      <form>
        <input
          id="searchBar"
          onChange={[Function]}
          onFocus={[Function]}
          onKeyDown={[Function]}
          placeholder="Search for gifs"
          type="text"
          value=""
        />
        <button
          className="cancel"
          onClick={[Function]}
          type="button"
        >
          X
        </button>
      </form>
    </div>
  </div>
  <div
    className="results"
  >
    <div>
      <p>
        Could not load trending gifs, giphy not found!
      </p>
      <p>
        <img
          src="https://media3.giphy.com/media/l3V0HLYPfIKIVDyBG/giphy.gif"
        />
      </p>
    </div>
  </div>
  <div
    className="attribution"
  >
    <div>
      <div
        className="footer"
      >
        <div
          className="side"
        >
          <div
            className="button"
            onClick={[Function]}
          >
            <img
              className="imgButton"
              src="test-file-stub"
            />
          </div>
        </div>
        <div
          className="main"
        >
          <div
            className="title"
          >
            Top Trending GIFs!
          </div>
          <div
            className="attribution"
          >
            <img
              className="img"
              src="test-file-stub"
            />
          </div>
        </div>
        <div
          className="side"
        >
          <div
            className="button"
            onClick={[Function]}
          >
            <img
              className="imgButton"
              src="test-file-stub"
            />
          </div>
        </div>
      </div>
    </div>
  </div>
</div>
`;
