// Jest Snapshot v1, https://goo.gl/fbAQLP

exports[`Main component renders properly 1`] = `
<div
  className="mainContainer"
>
  <div
    className="searchBar"
  >
    <div
      className="searchBar"
    >
      <form>
        <input
          id="searchBar"
          onChange={[Function]}
          onFocus={[Function]}
          onKeyDown={[Function]}
          placeholder="Search for gifs"
          type="text"
          value=""
        />
        <button
          className="cancel"
          onClick={[Function]}
          type="button"
        >
          X
        </button>
      </form>
    </div>
  </div>
  <div
    className="results"
  >
    <div
      className="imageGrid"
    >
      <div
        className="col"
      />
      <div
        className="col"
      />
    </div>
  </div>
  <div
    className="attribution"
  >
    <div
      className="footer"
    >
      <div
        className="main"
      >
        <div
          className="title"
        >
          Top Trending GIFs!
        </div>
        <div
          className="attribution"
        >
          <img
            className="img"
            src="test-file-stub"
          />
        </div>
      </div>
    </div>
  </div>
</div>
`;
