// Jest Snapshot v1, https://goo.gl/fbAQLP

exports[`ImageActions component renders properly 1`] = `
<div
  className="actionItems"
>
  <button
    className="button"
    onClick={undefined}
    title="Click to favorite"
  >
    <img
      className="image"
      src="test-file-stub"
    />
  </button>
  <button
    className="button"
    onClick={undefined}
    title="Click to copy the Url"
  >
    <img
      className="image"
      src="test-file-stub"
    />
  </button>
</div>
`;
