// Jest Snapshot v1, https://goo.gl/fbAQLP

exports[`ImageDisplay component renders properly 1`] = `
<div
  className="imageContainer"
  onMouseLeave={[Function]}
  onMouseOver={[Function]}
  style={
    Object {
      "height": "50px",
    }
  }
>
  <img
    className="image"
    onClick={[Function]}
    src="http://mycoolserver.info/kid-n-play.gif"
  />
</div>
`;
