// Jest Snapshot v1, https://goo.gl/fbAQLP

exports[`SearchBar component renders properly 1`] = `
<div
  className="searchBar"
>
  <form>
    <input
      id="searchBar"
      onChange={[Function]}
      onFocus={[Function]}
      onKeyDown={[Function]}
      placeholder="Search for gifs"
      type="text"
      value=""
    />
    <button
      className="cancel"
      onClick={[Function]}
      type="button"
    >
      X
    </button>
  </form>
</div>
`;
